Iniciando prueba de l¾gica de Stock Comprometido...
SKU: P001, Stock Inicial: 1280

--- Caso 1: Pedido Normal ---
Comprometido tras pedido normal (esperado 10): 10
Comprometido tras despacho (esperado 0): 0
Stock FÝsico tras despacho (esperado 1270): 1270

--- Caso 2: Pedido Excesivo (Quiebre) ---
Stock FÝsico actual: 5
Comprometido tras pedido excesivo (esperado 5, max disponible): 5
Comprometido tras despacho parcial/fallido (esperado 0): 0
Stock FÝsico tras despacho (esperado 0): 0

[EXITO] PRUEBA EXITOSA: El stock comprometido se limpia correctamente.
